// Jest Snapshot v1, https://goo.gl/fbAQLP

exports[`<Checkbox /> renders correctly 1`] = `"<input type=\\"checkbox\\" data-test-id=\\"checkbox\\"/>"`;
