// Jest Snapshot v1, https://goo.gl/fbAQLP

exports[`<DeleteButton /> renders correctly 1`] = `"<button data-test-id=\\"delete-button\\">X</button>"`;
